../Core/Src/main.c:112:6:safe_delay	24	static
../Core/Src/main.c:121:6:Position_robot_init	88	static
../Core/Src/main.c:136:6:set_position	24	static
../Core/Src/main.c:146:6:envoyer_position	112	static
../Core/Src/main.c:154:6:mouvement_termine	80	static
../Core/Src/main.c:160:6:mouvement_pince_termine	80	static
../Core/Src/main.c:166:6:mouvement_depot_termine	80	static
../Core/Src/main.c:173:6:traiter_commande	120	static
../Core/Src/main.c:276:6:HAL_UART_RxCpltCallback	16	static
../Core/Src/main.c:301:6:uart_poll	8	static
../Core/Src/main.c:323:5:main	184	static
../Core/Src/main.c:485:6:SystemClock_Config	96	static
../Core/Src/main.c:536:13:MX_I2C1_Init	8	static
../Core/Src/main.c:584:13:MX_I2C2_Init	8	static
../Core/Src/main.c:632:13:MX_IWDG_Init	8	static
../Core/Src/main.c:661:13:MX_TIM1_Init	96	static
../Core/Src/main.c:743:13:MX_TIM2_Init	56	static
../Core/Src/main.c:792:13:MX_TIM3_Init	56	static
../Core/Src/main.c:841:13:MX_TIM4_Init	56	static
../Core/Src/main.c:890:13:MX_TIM5_Init	56	static
../Core/Src/main.c:939:13:MX_TIM6_Init	24	static
../Core/Src/main.c:977:13:MX_TIM8_Init	96	static
../Core/Src/main.c:1059:13:MX_TIM16_Init	80	static
../Core/Src/main.c:1121:13:MX_USART2_UART_Init	8	static
../Core/Src/main.c:1156:13:MX_GPIO_Init	48	static
../Core/Src/main.c:1218:6:Error_Handler	4	static,ignoring_inline_asm
