../Core/Src/main.c:103:6:safe_delay	24	static
../Core/Src/main.c:112:6:Position_robot_init	16	static
../Core/Src/main.c:129:6:envoyer_position	112	static
../Core/Src/main.c:137:6:envoyer_position_imu	80	static
../Core/Src/main.c:146:6:traiter_commande	112	static
../Core/Src/main.c:214:6:HAL_UART_RxCpltCallback	16	static
../Core/Src/main.c:239:6:uart_poll	8	static
../Core/Src/main.c:261:5:main	16	static
../Core/Src/main.c:403:6:SystemClock_Config	96	static
../Core/Src/main.c:454:13:MX_I2C1_Init	8	static
../Core/Src/main.c:502:13:MX_I2C2_Init	8	static
../Core/Src/main.c:550:13:MX_IWDG_Init	8	static
../Core/Src/main.c:579:13:MX_TIM1_Init	96	static
../Core/Src/main.c:661:13:MX_TIM2_Init	56	static
../Core/Src/main.c:710:13:MX_TIM3_Init	56	static
../Core/Src/main.c:759:13:MX_TIM4_Init	56	static
../Core/Src/main.c:808:13:MX_TIM5_Init	56	static
../Core/Src/main.c:857:13:MX_TIM8_Init	96	static
../Core/Src/main.c:939:13:MX_TIM16_Init	80	static
../Core/Src/main.c:1001:13:MX_USART2_UART_Init	8	static
../Core/Src/main.c:1036:13:MX_GPIO_Init	48	static
../Core/Src/main.c:1112:6:Error_Handler	4	static,ignoring_inline_asm
