../Core/Src/main.c:112:6:safe_delay	2
../Core/Src/main.c:121:6:Position_robot_init	3
../Core/Src/main.c:140:6:set_position	1
../Core/Src/main.c:150:6:envoyer_position	1
../Core/Src/main.c:158:6:mouvement_termine	1
../Core/Src/main.c:165:6:traiter_commande	20
../Core/Src/main.c:262:6:HAL_UART_RxCpltCallback	6
../Core/Src/main.c:287:6:uart_poll	3
../Core/Src/main.c:309:5:main	5
../Core/Src/main.c:527:6:SystemClock_Config	4
../Core/Src/main.c:578:13:MX_I2C1_Init	4
../Core/Src/main.c:626:13:MX_I2C2_Init	4
../Core/Src/main.c:674:13:MX_IWDG_Init	2
../Core/Src/main.c:703:13:MX_TIM1_Init	8
../Core/Src/main.c:785:13:MX_TIM2_Init	3
../Core/Src/main.c:834:13:MX_TIM3_Init	3
../Core/Src/main.c:883:13:MX_TIM4_Init	3
../Core/Src/main.c:932:13:MX_TIM5_Init	3
../Core/Src/main.c:981:13:MX_TIM6_Init	3
../Core/Src/main.c:1019:13:MX_TIM8_Init	8
../Core/Src/main.c:1101:13:MX_TIM16_Init	5
../Core/Src/main.c:1163:13:MX_USART2_UART_Init	2
../Core/Src/main.c:1198:13:MX_GPIO_Init	1
../Core/Src/main.c:1253:6:HAL_TIM_PeriodElapsedCallback	2
../Core/Src/main.c:1265:6:Error_Handler	1
