../Core/Src/main.c:111:6:safe_delay	24	static
../Core/Src/main.c:120:6:Position_robot_init	88	static
../Core/Src/main.c:135:6:set_position	24	static
../Core/Src/main.c:145:6:envoyer_position	112	static
../Core/Src/main.c:153:6:mouvement_termine	80	static
../Core/Src/main.c:159:6:mouvement_pince_termine	80	static
../Core/Src/main.c:165:6:traiter_commande	120	static
../Core/Src/main.c:260:6:HAL_UART_RxCpltCallback	16	static
../Core/Src/main.c:285:6:uart_poll	8	static
../Core/Src/main.c:307:5:main	184	static
../Core/Src/main.c:482:6:SystemClock_Config	96	static
../Core/Src/main.c:533:13:MX_I2C1_Init	8	static
../Core/Src/main.c:581:13:MX_I2C2_Init	8	static
../Core/Src/main.c:629:13:MX_IWDG_Init	8	static
../Core/Src/main.c:658:13:MX_TIM1_Init	96	static
../Core/Src/main.c:740:13:MX_TIM2_Init	56	static
../Core/Src/main.c:789:13:MX_TIM3_Init	56	static
../Core/Src/main.c:838:13:MX_TIM4_Init	56	static
../Core/Src/main.c:887:13:MX_TIM5_Init	56	static
../Core/Src/main.c:936:13:MX_TIM6_Init	24	static
../Core/Src/main.c:974:13:MX_TIM8_Init	96	static
../Core/Src/main.c:1056:13:MX_TIM16_Init	80	static
../Core/Src/main.c:1118:13:MX_USART2_UART_Init	8	static
../Core/Src/main.c:1153:13:MX_GPIO_Init	48	static
../Core/Src/main.c:1215:6:Error_Handler	4	static,ignoring_inline_asm
