../Core/Src/main.c:89:5:main	8	static
../Core/Src/main.c:183:6:SystemClock_Config	96	static
../Core/Src/main.c:234:13:MX_I2C1_Init	8	static
../Core/Src/main.c:282:13:MX_IWDG_Init	8	static
../Core/Src/main.c:311:13:MX_TIM1_Init	96	static
../Core/Src/main.c:393:13:MX_TIM2_Init	56	static
../Core/Src/main.c:442:13:MX_TIM3_Init	56	static
../Core/Src/main.c:491:13:MX_TIM4_Init	56	static
../Core/Src/main.c:540:13:MX_TIM5_Init	56	static
../Core/Src/main.c:589:13:MX_TIM8_Init	96	static
../Core/Src/main.c:671:13:MX_TIM16_Init	80	static
../Core/Src/main.c:733:13:MX_USART2_UART_Init	8	static
../Core/Src/main.c:768:13:MX_GPIO_Init	48	static
../Core/Src/main.c:838:6:Error_Handler	4	static,ignoring_inline_asm
