../Core/Src/main.c:120:9:distance_en_ticks	24	static
../Core/Src/main.c:126:6:safe_delay	24	static
../Core/Src/main.c:136:6:stop_motors	4	static
../Core/Src/main.c:150:6:set_one_motor	24	static
../Core/Src/main.c:163:6:run_motors	32	static
../Core/Src/main.c:177:6:PID_Vitesse_Init	24	static
../Core/Src/main.c:185:7:calculer_commande_PID	40	static
../Core/Src/main.c:195:7:calculer_commande_PID_position	40	static
../Core/Src/main.c:210:6:set_motor_pwm	32	static
../Core/Src/main.c:240:6:test_PID_5s	320	static
../Core/Src/main.c:315:6:mecanum_move_position	392	static
../Core/Src/main.c:411:6:mecanum_move_position_v2	424	static
../Core/Src/main.c:541:6:mecanum_move_pid	352	static
../Core/Src/main.c:616:6:avancer	16	static
../Core/Src/main.c:620:6:reculer	16	static
../Core/Src/main.c:624:6:droite	16	static
../Core/Src/main.c:628:6:gauche	16	static
../Core/Src/main.c:632:6:diagonale_droite	16	static
../Core/Src/main.c:636:6:diagonale_gauche	16	static
../Core/Src/main.c:663:5:main	8	static
../Core/Src/main.c:781:6:SystemClock_Config	96	static
../Core/Src/main.c:832:13:MX_I2C1_Init	8	static
../Core/Src/main.c:880:13:MX_IWDG_Init	8	static
../Core/Src/main.c:909:13:MX_TIM1_Init	96	static
../Core/Src/main.c:991:13:MX_TIM2_Init	56	static
../Core/Src/main.c:1040:13:MX_TIM3_Init	56	static
../Core/Src/main.c:1089:13:MX_TIM4_Init	56	static
../Core/Src/main.c:1138:13:MX_TIM5_Init	56	static
../Core/Src/main.c:1187:13:MX_TIM8_Init	96	static
../Core/Src/main.c:1269:13:MX_TIM16_Init	80	static
../Core/Src/main.c:1331:13:MX_USART2_UART_Init	8	static
../Core/Src/main.c:1366:13:MX_GPIO_Init	48	static
../Core/Src/main.c:1442:6:Error_Handler	4	static,ignoring_inline_asm
