../Core/Src/main.c:111:6:safe_delay	24	static
../Core/Src/main.c:120:6:Position_robot_init	88	static
../Core/Src/main.c:139:6:set_position	24	static
../Core/Src/main.c:149:6:envoyer_position	112	static
../Core/Src/main.c:157:6:mouvement_termine	80	static
../Core/Src/main.c:164:6:traiter_commande	120	static
../Core/Src/main.c:256:6:HAL_UART_RxCpltCallback	16	static
../Core/Src/main.c:281:6:uart_poll	8	static
../Core/Src/main.c:303:5:main	184	static
../Core/Src/main.c:510:6:SystemClock_Config	96	static
../Core/Src/main.c:561:13:MX_I2C1_Init	8	static
../Core/Src/main.c:609:13:MX_I2C2_Init	8	static
../Core/Src/main.c:657:13:MX_IWDG_Init	8	static
../Core/Src/main.c:686:13:MX_TIM1_Init	96	static
../Core/Src/main.c:768:13:MX_TIM2_Init	56	static
../Core/Src/main.c:817:13:MX_TIM3_Init	56	static
../Core/Src/main.c:866:13:MX_TIM4_Init	56	static
../Core/Src/main.c:915:13:MX_TIM5_Init	56	static
../Core/Src/main.c:964:13:MX_TIM6_Init	24	static
../Core/Src/main.c:1002:13:MX_TIM8_Init	96	static
../Core/Src/main.c:1084:13:MX_TIM16_Init	80	static
../Core/Src/main.c:1146:13:MX_USART2_UART_Init	8	static
../Core/Src/main.c:1181:13:MX_GPIO_Init	48	static
../Core/Src/main.c:1236:6:HAL_TIM_PeriodElapsedCallback	16	static
../Core/Src/main.c:1248:6:Error_Handler	4	static,ignoring_inline_asm
