../Core/Src/main.c:113:6:safe_delay	24	static
../Core/Src/main.c:123:6:stop_motors	4	static
../Core/Src/main.c:137:6:set_one_motor	24	static
../Core/Src/main.c:150:6:run_motors	32	static
../Core/Src/main.c:164:6:PID_Vitesse_Init	24	static
../Core/Src/main.c:172:7:calculer_commande_PID	40	static
../Core/Src/main.c:182:6:set_motor_pwm	32	static
../Core/Src/main.c:205:6:test_PID_5s	320	static
../Core/Src/main.c:278:6:test_PID_5s_reculer	320	static
../Core/Src/main.c:358:6:mecanum_move_pid	336	static
../Core/Src/main.c:444:6:avancer	16	static
../Core/Src/main.c:448:6:reculer	16	static
../Core/Src/main.c:452:6:droite	16	static
../Core/Src/main.c:456:6:gauche	16	static
../Core/Src/main.c:460:6:diagonale_droite	16	static
../Core/Src/main.c:464:6:diagonale_gauche	16	static
../Core/Src/main.c:488:5:main	8	static
../Core/Src/main.c:591:6:SystemClock_Config	96	static
../Core/Src/main.c:642:13:MX_I2C1_Init	8	static
../Core/Src/main.c:690:13:MX_IWDG_Init	8	static
../Core/Src/main.c:719:13:MX_TIM1_Init	96	static
../Core/Src/main.c:801:13:MX_TIM2_Init	56	static
../Core/Src/main.c:850:13:MX_TIM3_Init	56	static
../Core/Src/main.c:899:13:MX_TIM4_Init	56	static
../Core/Src/main.c:948:13:MX_TIM5_Init	56	static
../Core/Src/main.c:997:13:MX_TIM8_Init	96	static
../Core/Src/main.c:1079:13:MX_TIM16_Init	80	static
../Core/Src/main.c:1141:13:MX_USART2_UART_Init	8	static
../Core/Src/main.c:1176:13:MX_GPIO_Init	48	static
../Core/Src/main.c:1252:6:Error_Handler	4	static,ignoring_inline_asm
