../Core/Src/main.c:98:6:safe_delay	2
../Core/Src/main.c:109:6:envoyer_position	1
../Core/Src/main.c:115:6:traiter_commande	15
../Core/Src/main.c:177:6:HAL_UART_RxCpltCallback	5
../Core/Src/main.c:195:6:uart_poll	3
../Core/Src/main.c:217:5:main	2
../Core/Src/main.c:329:6:SystemClock_Config	4
../Core/Src/main.c:380:13:MX_I2C1_Init	4
../Core/Src/main.c:428:13:MX_IWDG_Init	2
../Core/Src/main.c:457:13:MX_TIM1_Init	8
../Core/Src/main.c:539:13:MX_TIM2_Init	3
../Core/Src/main.c:588:13:MX_TIM3_Init	3
../Core/Src/main.c:637:13:MX_TIM4_Init	3
../Core/Src/main.c:686:13:MX_TIM5_Init	3
../Core/Src/main.c:735:13:MX_TIM8_Init	8
../Core/Src/main.c:817:13:MX_TIM16_Init	5
../Core/Src/main.c:879:13:MX_USART2_UART_Init	2
../Core/Src/main.c:914:13:MX_GPIO_Init	1
../Core/Src/main.c:990:6:Error_Handler	1
