../Core/Src/main.c:98:6:safe_delay	24	static
../Core/Src/main.c:109:6:envoyer_position	120	static
../Core/Src/main.c:115:6:traiter_commande	112	static
../Core/Src/main.c:177:6:HAL_UART_RxCpltCallback	16	static
../Core/Src/main.c:195:6:uart_poll	8	static
../Core/Src/main.c:217:5:main	16	static
../Core/Src/main.c:329:6:SystemClock_Config	96	static
../Core/Src/main.c:380:13:MX_I2C1_Init	8	static
../Core/Src/main.c:428:13:MX_IWDG_Init	8	static
../Core/Src/main.c:457:13:MX_TIM1_Init	96	static
../Core/Src/main.c:539:13:MX_TIM2_Init	56	static
../Core/Src/main.c:588:13:MX_TIM3_Init	56	static
../Core/Src/main.c:637:13:MX_TIM4_Init	56	static
../Core/Src/main.c:686:13:MX_TIM5_Init	56	static
../Core/Src/main.c:735:13:MX_TIM8_Init	96	static
../Core/Src/main.c:817:13:MX_TIM16_Init	80	static
../Core/Src/main.c:879:13:MX_USART2_UART_Init	8	static
../Core/Src/main.c:914:13:MX_GPIO_Init	48	static
../Core/Src/main.c:990:6:Error_Handler	4	static,ignoring_inline_asm
