../Core/Src/main.c:111:6:safe_delay	24	static
../Core/Src/main.c:120:6:Position_robot_init	88	static
../Core/Src/main.c:135:6:set_position	24	static
../Core/Src/main.c:145:6:envoyer_position	112	static
../Core/Src/main.c:153:6:mouvement_termine	80	static
../Core/Src/main.c:159:6:mouvement_pince_termine	80	static
../Core/Src/main.c:165:6:traiter_commande	120	static
../Core/Src/main.c:260:6:HAL_UART_RxCpltCallback	16	static
../Core/Src/main.c:285:6:uart_poll	8	static
../Core/Src/main.c:307:5:main	184	static
../Core/Src/main.c:469:6:SystemClock_Config	96	static
../Core/Src/main.c:520:13:MX_I2C1_Init	8	static
../Core/Src/main.c:568:13:MX_I2C2_Init	8	static
../Core/Src/main.c:616:13:MX_IWDG_Init	8	static
../Core/Src/main.c:645:13:MX_TIM1_Init	96	static
../Core/Src/main.c:727:13:MX_TIM2_Init	56	static
../Core/Src/main.c:776:13:MX_TIM3_Init	56	static
../Core/Src/main.c:825:13:MX_TIM4_Init	56	static
../Core/Src/main.c:874:13:MX_TIM5_Init	56	static
../Core/Src/main.c:923:13:MX_TIM6_Init	24	static
../Core/Src/main.c:961:13:MX_TIM8_Init	96	static
../Core/Src/main.c:1043:13:MX_TIM16_Init	80	static
../Core/Src/main.c:1105:13:MX_USART2_UART_Init	8	static
../Core/Src/main.c:1140:13:MX_GPIO_Init	48	static
../Core/Src/main.c:1202:6:Error_Handler	4	static,ignoring_inline_asm
