../Core/Src/main.c:100:6:safe_delay	24	static
../Core/Src/main.c:109:6:Position_robot_init	16	static
../Core/Src/main.c:126:6:envoyer_position	120	static
../Core/Src/main.c:132:6:traiter_commande	112	static
../Core/Src/main.c:200:6:HAL_UART_RxCpltCallback	16	static
../Core/Src/main.c:225:6:uart_poll	8	static
../Core/Src/main.c:247:5:main	16	static
../Core/Src/main.c:374:6:SystemClock_Config	96	static
../Core/Src/main.c:425:13:MX_I2C1_Init	8	static
../Core/Src/main.c:473:13:MX_IWDG_Init	8	static
../Core/Src/main.c:502:13:MX_TIM1_Init	96	static
../Core/Src/main.c:584:13:MX_TIM2_Init	56	static
../Core/Src/main.c:633:13:MX_TIM3_Init	56	static
../Core/Src/main.c:682:13:MX_TIM4_Init	56	static
../Core/Src/main.c:731:13:MX_TIM5_Init	56	static
../Core/Src/main.c:780:13:MX_TIM8_Init	96	static
../Core/Src/main.c:862:13:MX_TIM16_Init	80	static
../Core/Src/main.c:924:13:MX_USART2_UART_Init	8	static
../Core/Src/main.c:959:13:MX_GPIO_Init	48	static
../Core/Src/main.c:1035:6:Error_Handler	4	static,ignoring_inline_asm
