../Core/Src/pince.c:51:13:Motor_SetEnable	16	static
../Core/Src/pince.c:58:14:Motor_RpmToSps	16	static
../Core/Src/pince.c:59:13:Motor_StartMoveAngle	32	static
../Core/Src/pince.c:88:13:Motor_Update	16	static
../Core/Src/pince.c:121:13:Gripper_UpdateHoldPolicy	16	static
../Core/Src/pince.c:130:16:Motor_WaitIdle	24	static
../Core/Src/pince.c:142:16:Motor_MoveOutputAngle	24	static
../Core/Src/pince.c:149:13:Gripper_ActuateJaw	16	static
../Core/Src/pince.c:185:13:Gripper_EnsureClosed	8	static
../Core/Src/pince.c:190:13:Gripper_RecalibrateZeroAtGround	4	static
../Core/Src/pince.c:196:16:Gripper_MoveTo	24	static
../Core/Src/pince.c:218:16:Gripper_MoveToUnloadWithM2Release	8	static
../Core/Src/pince.c:225:16:Gripper_RetrieveAndGoUnload	16	static
../Core/Src/pince.c:254:9:Pince_RecupererEtStocker	16	static
../Core/Src/pince.c:259:9:Pince_GoToNav	8	static
../Core/Src/pince.c:263:9:Pince_Pos_Homolog	8	static
../Core/Src/pince.c:273:6:Pince_UpdateSchedulerTick	8	static
../Core/Src/pince.c:278:6:Pince_Init	160	static
