../Core/Src/pince.c:9:13:Motor_SetEnable	16	static
../Core/Src/pince.c:16:13:Motor_StartMoveAngle	32	static
../Core/Src/pince.c:44:13:Motor_Update	16	static
../Core/Src/pince.c:75:13:Gripper_UpdateHoldPolicy	16	static
../Core/Src/pince.c:85:16:Motor_WaitIdle	24	static
../Core/Src/pince.c:96:16:Motor_MoveOutputAngle	24	static
../Core/Src/pince.c:103:13:Gripper_ActuateJaw	16	static
../Core/Src/pince.c:139:13:Gripper_EnsureClosed	8	static
../Core/Src/pince.c:144:13:Gripper_RecalibrateZeroAtGround	4	static
../Core/Src/pince.c:150:16:Gripper_MoveTo	24	static
../Core/Src/pince.c:172:16:Gripper_MoveToUnloadWithM2Release	8	static
../Core/Src/pince.c:179:16:Gripper_RetrieveAndGoUnload	16	static
../Core/Src/pince.c:208:9:Pince_RecupererEtStocker	16	static
../Core/Src/pince.c:212:6:Pince_UpdateSchedulerTick	8	static
../Core/Src/pince.c:217:6:Pince_Init	152	static
