../Core/Src/pince.c:65:13:Watchdog_RefreshSafe	8	static
../Core/Src/pince.c:66:13:DelayWithWatchdog	16	static
../Core/Src/pince.c:74:13:Debug_Log	16	static
../Core/Src/pince.c:79:13:Pince_NotifierFinMouvement	32	static
../Core/Src/pince.c:85:13:Debug_Logf	128	static
../Core/Src/pince.c:93:13:Motor_SetEnable	16	static
../Core/Src/pince.c:100:14:Motor_RpmToSps	16	static
../Core/Src/pince.c:101:13:Motor_StartMoveAngle	32	static
../Core/Src/pince.c:130:13:Motor_Update	16	static
../Core/Src/pince.c:163:13:Gripper_UpdateHoldPolicy	16	static
../Core/Src/pince.c:172:16:Motor_WaitIdle	24	static
../Core/Src/pince.c:186:13:Jaw_StopOutputs	8	static
../Core/Src/pince.c:190:17:Jaw_DurationMs	16	static
../Core/Src/pince.c:198:13:Jaw_ApplyOutputs	16	static
../Core/Src/pince.c:212:13:Jaw_StartAsync	24	static
../Core/Src/pince.c:218:13:Jaw_Update	8	static
../Core/Src/pince.c:226:16:Jaw_WaitDone	24	static
../Core/Src/pince.c:238:16:Motor_MoveOutputAngle	24	static
../Core/Src/pince.c:245:13:Gripper_ActuateJaw	16	static
../Core/Src/pince.c:251:13:Gripper_EnsureClosed	8	static
../Core/Src/pince.c:256:13:Gripper_RecalibrateZeroAtGround	4	static
../Core/Src/pince.c:262:16:Gripper_MoveTo	24	static
../Core/Src/pince.c:287:16:Gripper_RetrieveAndGoUnload	64	static
../Core/Src/pince.c:383:9:Pince_RecupererEtStocker	24	static
../Core/Src/pince.c:390:9:Pince_GoToNav	8	static
../Core/Src/pince.c:394:9:Pince_Pos_Curseur	8	static
../Core/Src/pince.c:398:6:Pince_UpdateSchedulerTick	8	static
../Core/Src/pince.c:403:6:Pince_Init	160	static
