../Core/Src/pince.c:63:13:Watchdog_RefreshSafe	8	static
../Core/Src/pince.c:64:13:DelayWithWatchdog	16	static
../Core/Src/pince.c:72:13:Debug_Log	16	static
../Core/Src/pince.c:75:13:Debug_Logf	128	static
../Core/Src/pince.c:83:13:Motor_SetEnable	16	static
../Core/Src/pince.c:90:14:Motor_RpmToSps	16	static
../Core/Src/pince.c:91:13:Motor_StartMoveAngle	32	static
../Core/Src/pince.c:120:13:Motor_Update	16	static
../Core/Src/pince.c:153:13:Gripper_UpdateHoldPolicy	16	static
../Core/Src/pince.c:162:16:Motor_WaitIdle	24	static
../Core/Src/pince.c:176:13:Jaw_StopOutputs	8	static
../Core/Src/pince.c:180:17:Jaw_DurationMs	16	static
../Core/Src/pince.c:188:13:Jaw_ApplyOutputs	16	static
../Core/Src/pince.c:202:13:Jaw_StartAsync	24	static
../Core/Src/pince.c:208:13:Jaw_Update	8	static
../Core/Src/pince.c:216:16:Jaw_WaitDone	24	static
../Core/Src/pince.c:228:16:Motor_MoveOutputAngle	24	static
../Core/Src/pince.c:235:13:Gripper_ActuateJaw	16	static
../Core/Src/pince.c:241:13:Gripper_EnsureClosed	8	static
../Core/Src/pince.c:246:13:Gripper_RecalibrateZeroAtGround	4	static
../Core/Src/pince.c:252:16:Gripper_MoveTo	24	static
../Core/Src/pince.c:277:16:Gripper_RetrieveAndGoUnload	64	static
../Core/Src/pince.c:373:9:Pince_RecupererEtStocker	16	static
../Core/Src/pince.c:378:9:Pince_GoToNav	8	static
../Core/Src/pince.c:382:9:Pince_Pos_Homolog	8	static
../Core/Src/pince.c:395:6:Pince_UpdateSchedulerTick	8	static
../Core/Src/pince.c:400:6:Pince_Init	160	static
