../Core/Src/pince.c:60:13:Debug_Log	16	static
../Core/Src/pince.c:63:13:Debug_Logf	128	static
../Core/Src/pince.c:74:13:Motor_SetEnable	16	static
../Core/Src/pince.c:81:14:Motor_RpmToSps	16	static
../Core/Src/pince.c:82:13:Motor_StartMoveAngle	32	static
../Core/Src/pince.c:111:13:Motor_Update	16	static
../Core/Src/pince.c:144:13:Gripper_UpdateHoldPolicy	16	static
../Core/Src/pince.c:154:16:Motor_WaitIdle	24	static
../Core/Src/pince.c:169:13:Jaw_StopOutputs	8	static
../Core/Src/pince.c:173:17:Jaw_DurationMs	16	static
../Core/Src/pince.c:181:13:Jaw_ApplyOutputs	16	static
../Core/Src/pince.c:195:13:Jaw_StartAsync	24	static
../Core/Src/pince.c:201:13:Jaw_Update	8	static
../Core/Src/pince.c:210:16:Jaw_WaitDone	24	static
../Core/Src/pince.c:222:16:Motor_MoveOutputAngle	24	static
../Core/Src/pince.c:229:13:Gripper_ActuateJaw	16	static
../Core/Src/pince.c:235:13:Gripper_EnsureClosed	8	static
../Core/Src/pince.c:240:13:Gripper_RecalibrateZeroAtGround	4	static
../Core/Src/pince.c:246:16:Gripper_MoveTo	24	static
../Core/Src/pince.c:268:16:Gripper_RetrieveAndGoUnload	64	static
../Core/Src/pince.c:357:9:Pince_RecupererEtStocker	16	static
../Core/Src/pince.c:362:9:Pince_GoToNav	8	static
../Core/Src/pince.c:366:9:Pince_Pos_Homolog	8	static
../Core/Src/pince.c:379:6:Pince_UpdateSchedulerTick	8	static
../Core/Src/pince.c:384:6:Pince_Init	160	static
