../Core/Src/pince.c:56:13:Uart_Send	16	static
../Core/Src/pince.c:60:13:Motor_SetEnable	16	static
../Core/Src/pince.c:67:13:Motor_StartMoveAngle	32	static
../Core/Src/pince.c:95:13:Motor_Update	16	static
../Core/Src/pince.c:126:13:Gripper_UpdateHoldPolicy	16	static
../Core/Src/pince.c:135:16:Motor_WaitIdle	24	static
../Core/Src/pince.c:149:16:Motor_MoveOutputAngle	24	static
../Core/Src/pince.c:156:13:Gripper_ActuateJaw	16	static
../Core/Src/pince.c:192:13:Gripper_EnsureClosed	8	static
../Core/Src/pince.c:197:13:Gripper_RecalibrateZeroAtGround	8	static
../Core/Src/pince.c:204:16:Gripper_MoveTo	24	static
../Core/Src/pince.c:226:16:Gripper_MoveToUnloadWithM2Release	8	static
../Core/Src/pince.c:233:16:Gripper_RetrieveAndGoUnload	16	static
../Core/Src/pince.c:262:16:Gripper_Unload	8	static
../Core/Src/pince.c:275:6:Pince_PrintStatus	32	static
../Core/Src/pince.c:293:6:Pince_HandleCommand	40	static
../Core/Src/pince.c:368:6:Pince_UpdateSchedulerTick	8	static
../Core/Src/pince.c:373:6:Pince_Init	152	static
